[forward solve] grid 64x64, dt=0.00252, steps=397, snapshots=22
[forward solve] concentration range: [0.0000, 0.6453] (should be finite and bounded, not exploding)
[domain] gradient-rich box: x in [0.048, 1.000], y in [0.190, 0.810]
[data] 25 fixed sensors x 22 time snapshots = 550 training points for the data loss
[data] known-velocity sides: ['left']
[data] 200 boundary points with known true velocity given (the 'window' inlet, mirroring the paper's own measured-inlet approach)
[train] using device: cuda:0
[train] training for 20000 epochs, 20000 collocation points/epoch, lambda_pde=10.0, lambda_aux=10.0, lambda_mom=50.0, lambda_bc=10.0
  epoch      1  lr=1.0e-03  data=8.457506e-01  bc=2.714447e-01  transport=3.141493e-01  aux=3.014876e-01  momentum=1.264886e-03  total=9.779810e+00
  epoch   1000  lr=1.0e-03  data=8.338444e-03  bc=1.767133e-04  transport=1.244231e-03  aux=1.323033e-03  momentum=1.303958e-04  total=4.229800e-02
  epoch   2000  lr=1.0e-03  data=7.525645e-03  bc=9.632294e-05  transport=7.348759e-04  aux=7.473641e-04  momentum=8.713397e-05  total=2.766798e-02
  epoch   3000  lr=1.0e-03  data=7.110599e-03  bc=4.455787e-05  transport=4.303598e-04  aux=4.398448e-04  momentum=6.761920e-05  total=1.963918e-02
  epoch   4000  lr=1.0e-03  data=6.844665e-03  bc=4.251330e-05  transport=3.346398e-04  aux=3.445379e-04  momentum=3.746925e-05  total=1.593504e-02
  epoch   5000  lr=1.0e-03  data=6.423194e-03  bc=2.284479e-05  transport=2.401659e-04  aux=2.439790e-04  momentum=4.331014e-05  total=1.365860e-02
  epoch   6000  lr=1.0e-03  data=5.998655e-03  bc=4.903593e-05  transport=4.294594e-04  aux=4.350968e-04  momentum=1.398458e-04  total=2.212687e-02
  epoch   7000  lr=1.0e-03  data=5.460998e-03  bc=1.529393e-05  transport=1.567475e-04  aux=1.594468e-04  momentum=1.213503e-05  total=9.382632e-03
  epoch   8000  lr=1.0e-03  data=4.876920e-03  bc=1.524716e-05  transport=1.311534e-04  aux=1.337396e-04  momentum=1.099531e-05  total=8.228086e-03
  epoch   9000  lr=1.0e-03  data=4.237489e-03  bc=1.450850e-05  transport=1.258242e-04  aux=1.279318e-04  momentum=1.732898e-05  total=7.786584e-03
  epoch  10000  lr=1.0e-04  data=3.544055e-03  bc=1.434743e-05  transport=1.253312e-04  aux=1.288761e-04  momentum=1.134410e-05  total=6.796808e-03
  epoch  11000  lr=1.0e-04  data=3.460639e-03  bc=1.271900e-05  transport=9.812437e-05  aux=9.824207e-05  momentum=7.926727e-06  total=5.947829e-03
  epoch  12000  lr=1.0e-04  data=3.335591e-03  bc=1.252937e-05  transport=9.531301e-05  aux=9.583234e-05  momentum=7.814688e-06  total=5.763073e-03
  epoch  13000  lr=1.0e-04  data=3.161656e-03  bc=1.245238e-05  transport=9.026505e-05  aux=8.957378e-05  momentum=7.439175e-06  total=5.456526e-03
  epoch  14000  lr=1.0e-04  data=2.944541e-03  bc=1.209339e-05  transport=8.361038e-05  aux=8.397854e-05  momentum=6.816644e-06  total=5.082197e-03
  epoch  15000  lr=1.0e-05  data=2.715121e-03  bc=1.186914e-05  transport=7.901334e-05  aux=7.896661e-05  momentum=5.773743e-06  total=4.702298e-03
  epoch  16000  lr=1.0e-05  data=2.680478e-03  bc=1.158486e-05  transport=8.152251e-05  aux=8.185858e-05  momentum=5.690605e-06  total=4.714667e-03
  epoch  17000  lr=1.0e-05  data=2.645327e-03  bc=1.155442e-05  transport=8.000809e-05  aux=7.972962e-05  momentum=5.515997e-06  total=4.634048e-03
  epoch  18000  lr=1.0e-05  data=2.596089e-03  bc=1.140331e-05  transport=7.759948e-05  aux=7.817053e-05  momentum=5.518760e-06  total=4.543760e-03
  epoch  19000  lr=1.0e-05  data=2.551550e-03  bc=1.124953e-05  transport=7.582291e-05  aux=7.606224e-05  momentum=5.326941e-06  total=4.449244e-03
  epoch  20000  lr=1.0e-05  data=2.501162e-03  bc=1.122687e-05  transport=7.812099e-05  aux=7.766413e-05  momentum=5.085740e-06  total=4.425569e-03

=== RESULT: recovered vs. true velocity, INSIDE THE GRADIENT-RICH BOX ONLY ===
  t=0.30 (frac=0.3): u err=10.75%  v err=19472810521.98%  speed err=10.56%
  t=0.50 (frac=0.5): u err=10.41%  v err=18613655127.20%  speed err=10.22%
  t=0.70 (frac=0.7): u err=10.18%  v err=17868881826.72%  speed err=10.00%
  t=1.00 (frac=1.0): u err=10.00%  v err=16943996205.25%  speed err=9.82%  (near training-window edge)

  Primary result (mid-time, t=0.50): speed error 10.22%
  Boundary condition given on: ['left'] (default 'left' = window/inlet only)

Saved comparison figure to sweep_results/left_higher_mom_weight.png
